[0m19:45:21.267265 [debug] [MainThread]: Sending event: {'category': 'dbt', 'action': 'invocation', 'label': 'start', 'context': [<snowplow_tracker.self_describing_json.SelfDescribingJson object at 0x0000022E9A9FFE90>, <snowplow_tracker.self_describing_json.SelfDescribingJson object at 0x0000022E9A932B10>, <snowplow_tracker.self_describing_json.SelfDescribingJson object at 0x0000022E9AA8B550>]}


============================== 19:45:21.275737 | 2f76ba14-d4e2-4d56-9ead-d66f4250549c ==============================
[0m19:45:21.275737 [info ] [MainThread]: Running with dbt=1.12.0
[0m19:45:21.277731 [debug] [MainThread]: running dbt with arguments {'maximum_seed_size_mib': '1', 'no_print': 'None', 'version_check': 'True', 'target_path': 'None', 'warn_error_options': 'WarnErrorOptionsV2(error=[], warn=[], silence=[])', 'static_parser': 'True', 'printer_width': '80', 'write_json': 'True', 'empty': 'None', 'log_cache_events': 'False', 'introspect': 'True', 'cache_selected_only': 'False', 'fail_fast': 'False', 'debug': 'False', 'log_format': 'default', 'profiles_dir': 'C:\\Users\\Sanyam\\.dbt', 'send_anonymous_usage_stats': 'True', 'quiet': 'False', 'warn_error': 'None', 'partial_parse': 'True', 'indirect_selection': 'eager', 'hints_enabled': 'True', 'use_colors': 'True', 'use_experimental_parser': 'False', 'invocation_command': 'dbt init dbt_orders', 'log_path': 'logs'}
[0m19:45:21.373854 [info ] [MainThread]: Creating dbt configuration folder at C:\Users\Sanyam\.dbt
[0m19:45:21.382859 [debug] [MainThread]: Starter project path: C:\Users\Sanyam\anaconda3\Lib\site-packages\dbt\include\starter_project
[0m19:45:21.452916 [info ] [MainThread]: Setting up your profile.
[0m20:09:12.414152 [info ] [MainThread]: Profile dbt_orders written to C:\Users\Sanyam\.dbt\profiles.yml using target's profile_template.yml and your supplied values.
[0m20:09:12.421662 [info ] [MainThread]: Running dbt debug to validate the project...
[0m20:09:12.424668 [info ] [MainThread]: dbt version: 1.12.0
[0m20:09:12.426668 [info ] [MainThread]: python version: 3.11.14
[0m20:09:12.427679 [info ] [MainThread]: python path: C:\Users\Sanyam\anaconda3\python.exe
[0m20:09:12.428663 [info ] [MainThread]: os info: Windows-10-10.0.26200-SP0
[0m20:09:12.533539 [info ] [MainThread]: Using profiles dir at C:\Users\Sanyam\.dbt
[0m20:09:12.534553 [info ] [MainThread]: Using profiles.yml file at C:\Users\Sanyam\.dbt\profiles.yml
[0m20:09:12.535542 [info ] [MainThread]: Using dbt_project.yml file at C:\Users\Sanyam\etl_project\dbt_orders\dbt_project.yml
[0m20:09:12.536542 [info ] [MainThread]: adapter type: bigquery
[0m20:09:12.536542 [info ] [MainThread]: adapter version: 1.12.0
[0m20:09:12.629814 [info ] [MainThread]: Configuration:
[0m20:09:12.630718 [info ] [MainThread]:   profiles.yml file [[32mOK found and valid[0m]
[0m20:09:12.631712 [info ] [MainThread]:   dbt_project.yml file [[32mOK found and valid[0m]
[0m20:09:12.632706 [info ] [MainThread]: Required dependencies:
[0m20:09:12.634350 [debug] [MainThread]: Executing "git --help"
[0m20:09:12.704473 [debug] [MainThread]: STDOUT: "b"usage: git [-v | --version] [-h | --help] [-C <path>] [-c <name>=<value>]\n           [--exec-path[=<path>]] [--html-path] [--man-path] [--info-path]\n           [-p | --paginate | -P | --no-pager] [--no-replace-objects] [--bare]\n           [--git-dir=<path>] [--work-tree=<path>] [--namespace=<name>]\n           [--super-prefix=<path>] [--config-env=<name>=<envvar>]\n           <command> [<args>]\n\nThese are common Git commands used in various situations:\n\nstart a working area (see also: git help tutorial)\n   clone     Clone a repository into a new directory\n   init      Create an empty Git repository or reinitialize an existing one\n\nwork on the current change (see also: git help everyday)\n   add       Add file contents to the index\n   mv        Move or rename a file, a directory, or a symlink\n   restore   Restore working tree files\n   rm        Remove files from the working tree and from the index\n\nexamine the history and state (see also: git help revisions)\n   bisect    Use binary search to find the commit that introduced a bug\n   diff      Show changes between commits, commit and working tree, etc\n   grep      Print lines matching a pattern\n   log       Show commit logs\n   show      Show various types of objects\n   status    Show the working tree status\n\ngrow, mark and tweak your common history\n   branch    List, create, or delete branches\n   commit    Record changes to the repository\n   merge     Join two or more development histories together\n   rebase    Reapply commits on top of another base tip\n   reset     Reset current HEAD to the specified state\n   switch    Switch branches\n   tag       Create, list, delete or verify a tag object signed with GPG\n\ncollaborate (see also: git help workflows)\n   fetch     Download objects and refs from another repository\n   pull      Fetch from and integrate with another repository or a local branch\n   push      Update remote refs along with associated objects\n\n'git help -a' and 'git help -g' list available subcommands and some\nconcept guides. See 'git help <command>' or 'git help <concept>'\nto read about a specific subcommand or concept.\nSee 'git help git' for an overview of the system.\n""
[0m20:09:12.704473 [debug] [MainThread]: STDERR: "b''"
[0m20:09:12.705471 [info ] [MainThread]:  - git [[32mOK found[0m]

[0m20:09:12.706484 [info ] [MainThread]: Connection:
[0m20:09:12.706484 [info ] [MainThread]:   method: service-account
[0m20:09:12.707471 [info ] [MainThread]:   database: de-learning-project-499519
[0m20:09:12.708473 [info ] [MainThread]:   execution_project: de-learning-project-499519
[0m20:09:12.708473 [info ] [MainThread]:   schema: orders_warehouse
[0m20:09:12.709475 [info ] [MainThread]:   location: EU
[0m20:09:12.709475 [info ] [MainThread]:   priority: interactive
[0m20:09:12.710474 [info ] [MainThread]:   maximum_bytes_billed: None
[0m20:09:12.710474 [info ] [MainThread]:   reservation: None
[0m20:09:12.711475 [info ] [MainThread]:   impersonate_service_account: None
[0m20:09:12.712474 [info ] [MainThread]:   job_retry_deadline_seconds: None
[0m20:09:12.712474 [info ] [MainThread]:   job_retries: 1
[0m20:09:12.713474 [info ] [MainThread]:   job_creation_timeout_seconds: None
[0m20:09:12.714482 [info ] [MainThread]:   job_execution_timeout_seconds: 300
[0m20:09:12.715473 [info ] [MainThread]:   job_link_info_level_log: False
[0m20:09:12.715473 [info ] [MainThread]:   timeout_seconds: 300
[0m20:09:12.716476 [info ] [MainThread]:   client_id: None
[0m20:09:12.717474 [info ] [MainThread]:   token_uri: None
[0m20:09:12.717474 [info ] [MainThread]:   compute_region: None
[0m20:09:12.718473 [info ] [MainThread]:   dataproc_cluster_name: None
[0m20:09:12.719473 [info ] [MainThread]:   gcs_bucket: None
[0m20:09:12.719473 [info ] [MainThread]:   dataproc_batch: None
[0m20:09:12.720474 [info ] [MainThread]: Registered adapter: bigquery=1.12.0
[0m20:09:13.221836 [debug] [MainThread]: Acquiring new bigquery connection 'debug'
[0m20:09:13.222837 [debug] [MainThread]: On debug: select 1 as id
[0m20:09:13.222837 [debug] [MainThread]: Opening a new connection, currently in state init
[0m20:09:24.696705 [debug] [MainThread]: BigQuery adapter: https://console.cloud.google.com/bigquery?project=de-learning-project-499519&j=bq:EU:31272d92-2f07-441f-abfc-b1b7dd46f75e&page=queryresults
[0m20:09:25.290163 [debug] [MainThread]: SQL status: OK in 0.582 seconds
[0m20:09:26.927731 [info ] [MainThread]:   Connection test: [[32mOK connection ok[0m]

[0m20:09:26.930428 [info ] [MainThread]: [32mAll checks passed![0m
[0m20:09:26.934435 [info ] [MainThread]: Your new dbt project "dbt_orders" was created!
Initialized new project in C:\Users\Sanyam\etl_project\dbt_orders\dbt_orders

For more information on how to configure the profiles.yml file,
please consult the dbt documentation here:

  https://docs.getdbt.com/docs/configure-your-profile

One more thing:

Need help? Don't hesitate to reach out to us via GitHub issues or on Slack:

  https://community.getdbt.com/

Happy modeling!

[0m20:09:26.942486 [debug] [MainThread]: Command `dbt init` succeeded at 20:09:26.941481 after 1445.97 seconds
[0m20:09:26.943479 [debug] [MainThread]: Connection 'debug' was properly closed.
[0m20:09:26.946465 [debug] [MainThread]: Sending event: {'category': 'dbt', 'action': 'invocation', 'label': 'end', 'context': [<snowplow_tracker.self_describing_json.SelfDescribingJson object at 0x0000022EC0548C90>, <snowplow_tracker.self_describing_json.SelfDescribingJson object at 0x0000022E9877C4D0>, <snowplow_tracker.self_describing_json.SelfDescribingJson object at 0x0000022EC03D8E10>]}
[0m20:09:26.948483 [debug] [MainThread]: Flushing usage events
[0m20:09:28.131889 [debug] [MainThread]: An error was encountered while trying to flush usage events
[0m20:16:31.297232 [debug] [MainThread]: Sending event: {'category': 'dbt', 'action': 'invocation', 'label': 'start', 'context': [<snowplow_tracker.self_describing_json.SelfDescribingJson object at 0x0000026613A72010>, <snowplow_tracker.self_describing_json.SelfDescribingJson object at 0x0000026613B6D650>, <snowplow_tracker.self_describing_json.SelfDescribingJson object at 0x0000026613B822D0>]}


============================== 20:16:31.302974 | 9c0c33c3-d2fb-4378-a4ff-8e1d37e1ee25 ==============================
[0m20:16:31.302974 [info ] [MainThread]: Running with dbt=1.12.0
[0m20:16:31.303988 [debug] [MainThread]: running dbt with arguments {'static_parser': 'True', 'no_print': 'None', 'version_check': 'True', 'warn_error_options': 'WarnErrorOptionsV2(error=[], warn=[], silence=[])', 'maximum_seed_size_mib': '1', 'target_path': 'None', 'printer_width': '80', 'write_json': 'True', 'empty': 'None', 'log_cache_events': 'False', 'introspect': 'True', 'cache_selected_only': 'False', 'fail_fast': 'False', 'debug': 'False', 'log_format': 'default', 'profiles_dir': 'C:\\Users\\Sanyam\\.dbt', 'send_anonymous_usage_stats': 'True', 'quiet': 'False', 'warn_error': 'None', 'partial_parse': 'True', 'indirect_selection': 'eager', 'hints_enabled': 'True', 'use_colors': 'True', 'use_experimental_parser': 'False', 'invocation_command': 'dbt debug', 'log_path': 'logs'}
[0m20:16:31.339013 [info ] [MainThread]: dbt version: 1.12.0
[0m20:16:31.340022 [info ] [MainThread]: python version: 3.11.14
[0m20:16:31.341045 [info ] [MainThread]: python path: C:\Users\Sanyam\anaconda3\python.exe
[0m20:16:31.342014 [info ] [MainThread]: os info: Windows-10-10.0.26200-SP0
[0m20:16:33.713648 [info ] [MainThread]: Using profiles dir at C:\Users\Sanyam\.dbt
[0m20:16:33.714634 [info ] [MainThread]: Using profiles.yml file at C:\Users\Sanyam\.dbt\profiles.yml
[0m20:16:33.715633 [info ] [MainThread]: Using dbt_project.yml file at C:\Users\Sanyam\etl_project\dbt_project.yml
[0m20:16:33.715633 [info ] [MainThread]: adapter type: bigquery
[0m20:16:33.716633 [info ] [MainThread]: adapter version: 1.12.0
[0m20:16:33.716633 [info ] [MainThread]: Configuration:
[0m20:16:33.717635 [info ] [MainThread]:   profiles.yml file [[32mOK found and valid[0m]
[0m20:16:33.718643 [info ] [MainThread]:   dbt_project.yml file [[31mERROR not found[0m]
[0m20:16:33.719641 [info ] [MainThread]: Required dependencies:
[0m20:16:33.720644 [debug] [MainThread]: Executing "git --help"
[0m20:16:33.767573 [debug] [MainThread]: STDOUT: "b"usage: git [-v | --version] [-h | --help] [-C <path>] [-c <name>=<value>]\n           [--exec-path[=<path>]] [--html-path] [--man-path] [--info-path]\n           [-p | --paginate | -P | --no-pager] [--no-replace-objects] [--bare]\n           [--git-dir=<path>] [--work-tree=<path>] [--namespace=<name>]\n           [--super-prefix=<path>] [--config-env=<name>=<envvar>]\n           <command> [<args>]\n\nThese are common Git commands used in various situations:\n\nstart a working area (see also: git help tutorial)\n   clone     Clone a repository into a new directory\n   init      Create an empty Git repository or reinitialize an existing one\n\nwork on the current change (see also: git help everyday)\n   add       Add file contents to the index\n   mv        Move or rename a file, a directory, or a symlink\n   restore   Restore working tree files\n   rm        Remove files from the working tree and from the index\n\nexamine the history and state (see also: git help revisions)\n   bisect    Use binary search to find the commit that introduced a bug\n   diff      Show changes between commits, commit and working tree, etc\n   grep      Print lines matching a pattern\n   log       Show commit logs\n   show      Show various types of objects\n   status    Show the working tree status\n\ngrow, mark and tweak your common history\n   branch    List, create, or delete branches\n   commit    Record changes to the repository\n   merge     Join two or more development histories together\n   rebase    Reapply commits on top of another base tip\n   reset     Reset current HEAD to the specified state\n   switch    Switch branches\n   tag       Create, list, delete or verify a tag object signed with GPG\n\ncollaborate (see also: git help workflows)\n   fetch     Download objects and refs from another repository\n   pull      Fetch from and integrate with another repository or a local branch\n   push      Update remote refs along with associated objects\n\n'git help -a' and 'git help -g' list available subcommands and some\nconcept guides. See 'git help <command>' or 'git help <concept>'\nto read about a specific subcommand or concept.\nSee 'git help git' for an overview of the system.\n""
[0m20:16:33.768570 [debug] [MainThread]: STDERR: "b''"
[0m20:16:33.769572 [info ] [MainThread]:  - git [[32mOK found[0m]

[0m20:16:33.770569 [info ] [MainThread]: Connection:
[0m20:16:33.771570 [info ] [MainThread]:   method: service-account
[0m20:16:33.771570 [info ] [MainThread]:   database: de-learning-project-499519
[0m20:16:33.772587 [info ] [MainThread]:   execution_project: de-learning-project-499519
[0m20:16:33.772587 [info ] [MainThread]:   schema: orders_warehouse
[0m20:16:33.774098 [info ] [MainThread]:   location: asia-south2
[0m20:16:33.774098 [info ] [MainThread]:   priority: interactive
[0m20:16:33.775105 [info ] [MainThread]:   maximum_bytes_billed: None
[0m20:16:33.775105 [info ] [MainThread]:   reservation: None
[0m20:16:33.776108 [info ] [MainThread]:   impersonate_service_account: None
[0m20:16:33.777112 [info ] [MainThread]:   job_retry_deadline_seconds: None
[0m20:16:33.777112 [info ] [MainThread]:   job_retries: 1
[0m20:16:33.778116 [info ] [MainThread]:   job_creation_timeout_seconds: None
[0m20:16:33.778116 [info ] [MainThread]:   job_execution_timeout_seconds: 300
[0m20:16:33.779116 [info ] [MainThread]:   job_link_info_level_log: False
[0m20:16:33.779116 [info ] [MainThread]:   timeout_seconds: 300
[0m20:16:33.780114 [info ] [MainThread]:   client_id: None
[0m20:16:33.781117 [info ] [MainThread]:   token_uri: None
[0m20:16:33.781117 [info ] [MainThread]:   compute_region: None
[0m20:16:33.782114 [info ] [MainThread]:   dataproc_cluster_name: None
[0m20:16:33.782114 [info ] [MainThread]:   gcs_bucket: None
[0m20:16:33.783113 [info ] [MainThread]:   dataproc_batch: None
[0m20:16:33.784115 [info ] [MainThread]: Registered adapter: bigquery=1.12.0
[0m20:16:34.216506 [debug] [MainThread]: Acquiring new bigquery connection 'debug'
[0m20:16:34.216942 [debug] [MainThread]: On debug: select 1 as id
[0m20:16:34.217508 [debug] [MainThread]: Opening a new connection, currently in state init
[0m20:16:41.140190 [debug] [MainThread]: BigQuery adapter: https://console.cloud.google.com/bigquery?project=de-learning-project-499519&j=bq:asia-south2:9b00c1c4-312a-4903-a059-cf56302bf1ea&page=queryresults
[0m20:16:41.562847 [debug] [MainThread]: SQL status: OK in 0.421 seconds
[0m20:16:42.045576 [info ] [MainThread]:   Connection test: [[32mOK connection ok[0m]

[0m20:16:42.046551 [info ] [MainThread]: [31m1 check failed:[0m
[0m20:16:42.048508 [info ] [MainThread]: Project loading failed for the following reason:
 project path <C:\Users\Sanyam\etl_project\dbt_project.yml> not found

[0m20:16:42.051507 [debug] [MainThread]: Command `dbt debug` failed at 20:16:42.051507 after 10.97 seconds
[0m20:16:42.052507 [debug] [MainThread]: Connection 'debug' was properly closed.
[0m20:16:42.053508 [debug] [MainThread]: Sending event: {'category': 'dbt', 'action': 'invocation', 'label': 'end', 'context': [<snowplow_tracker.self_describing_json.SelfDescribingJson object at 0x0000026639626BD0>, <snowplow_tracker.self_describing_json.SelfDescribingJson object at 0x0000026613B82610>, <snowplow_tracker.self_describing_json.SelfDescribingJson object at 0x0000026613B82650>]}
[0m20:16:42.054505 [debug] [MainThread]: Flushing usage events
[0m20:16:43.957518 [debug] [MainThread]: An error was encountered while trying to flush usage events
[0m00:13:48.220771 [debug] [MainThread]: Sending event: {'category': 'dbt', 'action': 'invocation', 'label': 'start', 'context': [<snowplow_tracker.self_describing_json.SelfDescribingJson object at 0x000001D0012FE8D0>, <snowplow_tracker.self_describing_json.SelfDescribingJson object at 0x000001D001165590>, <snowplow_tracker.self_describing_json.SelfDescribingJson object at 0x000001D0011650D0>]}


============================== 00:13:48.228735 | a8c5c779-4634-4b9c-a75a-96e1560c1d9a ==============================
[0m00:13:48.228735 [info ] [MainThread]: Running with dbt=1.12.0
[0m00:13:48.229733 [debug] [MainThread]: running dbt with arguments {'maximum_seed_size_mib': '1', 'no_print': 'None', 'version_check': 'True', 'warn_error_options': 'WarnErrorOptionsV2(error=[], warn=[], silence=[])', 'target_path': 'None', 'static_parser': 'True', 'printer_width': '80', 'write_json': 'True', 'introspect': 'True', 'log_cache_events': 'False', 'empty': 'None', 'cache_selected_only': 'False', 'fail_fast': 'False', 'debug': 'False', 'log_format': 'default', 'profiles_dir': 'C:\\Users\\Sanyam\\.dbt', 'send_anonymous_usage_stats': 'True', 'quiet': 'False', 'warn_error': 'None', 'partial_parse': 'True', 'indirect_selection': 'eager', 'hints_enabled': 'True', 'invocation_command': 'dbt docs generate', 'use_experimental_parser': 'False', 'use_colors': 'True', 'log_path': 'logs'}
[0m00:13:48.230733 [error] [MainThread]: [[31mERROR[0m]: Encountered an error:
Runtime Error
  No dbt_project.yml found at expected path C:\Users\Sanyam\etl_project\dbt_project.yml
  Verify that each entry within packages.yml (and their transitive dependencies) contains a file named dbt_project.yml
  
[0m00:13:48.231734 [debug] [MainThread]: Command `dbt docs generate` failed at 00:13:48.231734 after 0.20 seconds
[0m00:13:48.232785 [debug] [MainThread]: Sending event: {'category': 'dbt', 'action': 'invocation', 'label': 'end', 'context': [<snowplow_tracker.self_describing_json.SelfDescribingJson object at 0x000001D001213390>, <snowplow_tracker.self_describing_json.SelfDescribingJson object at 0x000001D0012135D0>, <snowplow_tracker.self_describing_json.SelfDescribingJson object at 0x000001D001215010>]}
[0m00:13:48.233735 [debug] [MainThread]: Flushing usage events
[0m00:13:49.526863 [debug] [MainThread]: An error was encountered while trying to flush usage events
[0m16:56:44.711346 [debug] [MainThread]: Sending event: {'category': 'dbt', 'action': 'invocation', 'label': 'start', 'context': [<snowplow_tracker.self_describing_json.SelfDescribingJson object at 0x000001C559D44F10>, <snowplow_tracker.self_describing_json.SelfDescribingJson object at 0x000001C55EBDED90>, <snowplow_tracker.self_describing_json.SelfDescribingJson object at 0x000001C55EBDF010>]}


============================== 16:56:44.717958 | f37d0933-5070-48ac-a3f3-22f370486a6a ==============================
[0m16:56:44.717958 [info ] [MainThread]: Running with dbt=1.12.0
[0m16:56:44.719474 [debug] [MainThread]: running dbt with arguments {'static_parser': 'True', 'no_print': 'None', 'maximum_seed_size_mib': '1', 'warn_error_options': 'WarnErrorOptionsV2(error=[], warn=[], silence=[])', 'target_path': 'None', 'version_check': 'True', 'printer_width': '80', 'write_json': 'True', 'introspect': 'True', 'log_cache_events': 'False', 'empty': 'False', 'cache_selected_only': 'False', 'fail_fast': 'False', 'debug': 'False', 'log_format': 'default', 'profiles_dir': 'C:\\Users\\Sanyam\\.dbt', 'send_anonymous_usage_stats': 'True', 'quiet': 'False', 'warn_error': 'None', 'partial_parse': 'True', 'indirect_selection': 'eager', 'hints_enabled': 'True', 'invocation_command': 'dbt run', 'use_experimental_parser': 'False', 'use_colors': 'True', 'log_path': 'logs'}
[0m16:56:44.720630 [error] [MainThread]: [[31mERROR[0m]: Encountered an error:
Runtime Error
  No dbt_project.yml found at expected path C:\Users\Sanyam\etl_project\dbt_project.yml
  Verify that each entry within packages.yml (and their transitive dependencies) contains a file named dbt_project.yml
  
[0m16:56:44.721482 [debug] [MainThread]: Command `dbt run` failed at 16:56:44.721482 after 0.27 seconds
[0m16:56:44.722824 [debug] [MainThread]: Sending event: {'category': 'dbt', 'action': 'invocation', 'label': 'end', 'context': [<snowplow_tracker.self_describing_json.SelfDescribingJson object at 0x000001C55EBE7ED0>, <snowplow_tracker.self_describing_json.SelfDescribingJson object at 0x000001C55EBE5710>, <snowplow_tracker.self_describing_json.SelfDescribingJson object at 0x000001C55EAFFF50>]}
[0m16:56:44.723331 [debug] [MainThread]: Flushing usage events
[0m16:56:45.981354 [debug] [MainThread]: An error was encountered while trying to flush usage events
